// Jest Snapshot v1, https://goo.gl/fbAQLP

exports[`PostListButton component test suite should validate with snapshot 1`] = `
<a
  className="btn btn-secondary"
  href="/post/1"
  onClick={[Function]}
>
  See detail
</a>
`;
